// Jest Snapshot v1, https://goo.gl/fbAQLP

exports[`CampaignTable renderiza a tabela 1`] = `
<div>
  <div>
    <div
      class="sc-bcXHqe dDEscv"
    >
      <table
        class="sc-gswNZR jGCHly"
      >
        <thead>
          <tr>
            <th
              class="sc-dkrFOg hBaXkb"
              style="width: 40px;"
            >
              <input
                style="cursor: pointer;"
                type="checkbox"
              />
            </th>
            <th
              class="sc-dkrFOg cJsnhL"
            >
              Campanha
               ↑
            </th>
            <th
              class="sc-dkrFOg cJsnhL"
            >
              Status
               ↕
            </th>
            <th
              class="sc-dkrFOg cJsnhL"
            >
              Canal
               ↕
            </th>
            <th
              class="sc-dkrFOg cJsnhL"
            >
              Budget
               ↕
            </th>
            <th
              class="sc-dkrFOg cJsnhL"
            >
              Gasto
               ↕
            </th>
            <th
              class="sc-dkrFOg cJsnhL"
            >
              Impressões
               ↕
            </th>
            <th
              class="sc-dkrFOg cJsnhL"
            >
              Cliques
               ↕
            </th>
            <th
              class="sc-dkrFOg hBaXkb"
            >
              CTR
            </th>
            <th
              class="sc-dkrFOg cJsnhL"
            >
              Conversões
               ↕
            </th>
            <th
              class="sc-dkrFOg hBaXkb"
            >
              CVR
            </th>
            <th
              class="sc-dkrFOg cJsnhL"
            >
              Início
               ↕
            </th>
            <th
              class="sc-dkrFOg cJsnhL"
            >
              Fim
               ↕
            </th>
            <th
              class="sc-dkrFOg hBaXkb"
              style="width: 80px;"
            >
              Ações
            </th>
          </tr>
        </thead>
        <tbody>
          <tr
            class="sc-eDvSVe glSvLS"
          >
            <td
              class="sc-hLBbgP bbMDKd"
            >
              <input
                style="cursor: pointer;"
                type="checkbox"
              />
            </td>
            <td
              class="sc-hLBbgP bbMDKd"
            >
              <div
                style="cursor: pointer;"
              >
                <div
                  style="font-weight: 600; color: rgb(108, 99, 255); margin-bottom: 2px;"
                >
                  Black Friday 2025
                </div>
                <div
                  style="font-size: 12px; color: rgb(113, 128, 150);"
                >
                  ID: 
                  1
                </div>
              </div>
            </td>
            <td
              class="sc-hLBbgP bbMDKd"
            >
              <div
                style="position: relative;"
              >
                <span
                  class="sc-jSUZER dSNmp"
                  style="cursor: pointer;"
                >
                  Encerrado
                   
                  <span
                    class="material-icons"
                    style="font-size: 12px; vertical-align: middle;"
                  >
                    expand_more
                  </span>
                </span>
              </div>
            </td>
            <td
              class="sc-hLBbgP bbMDKd"
            >
              <span
                class="material-icons"
                style="font-size: 16px; margin-right: 6px; vertical-align: middle; color: rgb(113, 128, 150);"
              >
                search
              </span>
              Google
            </td>
            <td
              class="sc-hLBbgP bbMDKd"
            >
              <div>
                R$ 50.000
              </div>
              <div
                style="font-size: 11px; margin-top: 2px;"
              >
                <div
                  style="background: rgb(226, 232, 240); border-radius: 10px; height: 4px; width: 80px; margin-bottom: 2px;"
                >
                  <div
                    style="background: rgb(237, 137, 54); border-radius: 10px; height: 100%; width: 97.5%; transition: width 0.3s;"
                  />
                </div>
                <span
                  style="color: rgb(113, 128, 150);"
                >
                  98
                  % utilizado
                </span>
              </div>
            </td>
            <td
              class="sc-hLBbgP bbMDKd"
              style="font-weight: normal;"
            >
              R$ 48.750
            </td>
            <td
              class="sc-hLBbgP bbMDKd"
            >
              1.3M
            </td>
            <td
              class="sc-hLBbgP bbMDKd"
            >
              37.500
            </td>
            <td
              class="sc-hLBbgP bbMDKd"
            >
              <span
                style="color: rgb(56, 161, 105);"
              >
                3.00%
              </span>
            </td>
            <td
              class="sc-hLBbgP bbMDKd"
            >
              1.875
            </td>
            <td
              class="sc-hLBbgP bbMDKd"
            >
              <span
                style="color: rgb(56, 161, 105);"
              >
                5.00%
              </span>
            </td>
            <td
              class="sc-hLBbgP bbMDKd"
              style="font-size: 13px;"
            >
              19 de set. de 2025
            </td>
            <td
              class="sc-hLBbgP bbMDKd"
              style="font-size: 13px;"
            >
              <span
                style="color: rgb(229, 62, 62);"
              >
                29 de nov. de 2025
              </span>
            </td>
            <td
              class="sc-hLBbgP bbMDKd"
            >
              <div
                style="display: flex; gap: 4px;"
              >
                <button
                  style="background: none; border: 1px solid #e2e8f0; border-radius: 4px; padding: 4px 8px; cursor: pointer; font-size: 13px;"
                  title="Ver detalhes"
                >
                  <span
                    class="material-icons"
                    style="font-size: 16px;"
                  >
                    visibility
                  </span>
                </button>
                <button
                  style="background: none; border: 1px solid #e2e8f0; border-radius: 4px; padding: 4px 8px; cursor: pointer; font-size: 13px;"
                  title="Editar"
                >
                  <span
                    class="material-icons"
                    style="font-size: 16px;"
                  >
                    edit
                  </span>
                </button>
                <button
                  style="background: none; border: 1px solid #e2e8f0; border-radius: 4px; padding: 4px 8px; cursor: pointer; font-size: 13px;"
                  title="Mais ações"
                >
                  <span
                    class="material-icons"
                    style="font-size: 16px;"
                  >
                    more_vert
                  </span>
                </button>
              </div>
            </td>
          </tr>
          <tr
            class="sc-eDvSVe glSvLS"
          >
            <td
              class="sc-hLBbgP bbMDKd"
            >
              <input
                style="cursor: pointer;"
                type="checkbox"
              />
            </td>
            <td
              class="sc-hLBbgP bbMDKd"
            >
              <div
                style="cursor: pointer;"
              >
                <div
                  style="font-weight: 600; color: rgb(108, 99, 255); margin-bottom: 2px;"
                >
                  Awareness Q1 2026
                </div>
                <div
                  style="font-size: 12px; color: rgb(113, 128, 150);"
                >
                  ID: 
                  2
                </div>
              </div>
            </td>
            <td
              class="sc-hLBbgP bbMDKd"
            >
              <div
                style="position: relative;"
              >
                <span
                  class="sc-jSUZER iMhHDb"
                  style="cursor: pointer;"
                >
                  Ativo
                   
                  <span
                    class="material-icons"
                    style="font-size: 12px; vertical-align: middle;"
                  >
                    expand_more
                  </span>
                </span>
              </div>
            </td>
            <td
              class="sc-hLBbgP bbMDKd"
            >
              <span
                class="material-icons"
                style="font-size: 16px; margin-right: 6px; vertical-align: middle; color: rgb(113, 128, 150);"
              >
                campaign
              </span>
              Meta
            </td>
            <td
              class="sc-hLBbgP bbMDKd"
            >
              <div>
                R$ 30.000
              </div>
              <div
                style="font-size: 11px; margin-top: 2px;"
              >
                <div
                  style="background: rgb(226, 232, 240); border-radius: 10px; height: 4px; width: 80px; margin-bottom: 2px;"
                >
                  <div
                    style="background: rgb(72, 187, 120); border-radius: 10px; height: 100%; width: 41.333333333333336%; transition: width 0.3s;"
                  />
                </div>
                <span
                  style="color: rgb(113, 128, 150);"
                >
                  41
                  % utilizado
                </span>
              </div>
            </td>
            <td
              class="sc-hLBbgP bbMDKd"
              style="font-weight: normal;"
            >
              R$ 12.400
            </td>
            <td
              class="sc-hLBbgP bbMDKd"
            >
              890K
            </td>
            <td
              class="sc-hLBbgP bbMDKd"
            >
              17.800
            </td>
            <td
              class="sc-hLBbgP bbMDKd"
            >
              <span
                style="color: rgb(237, 137, 54);"
              >
                2.00%
              </span>
            </td>
            <td
              class="sc-hLBbgP bbMDKd"
            >
              534
            </td>
            <td
              class="sc-hLBbgP bbMDKd"
            >
              <span
                style="color: rgb(237, 137, 54);"
              >
                3.00%
              </span>
            </td>
            <td
              class="sc-hLBbgP bbMDKd"
              style="font-size: 13px;"
            >
              04 de fev. de 2026
            </td>
            <td
              class="sc-hLBbgP bbMDKd"
              style="font-size: 13px;"
            >
              <span>
                29 de abr. de 2026
              </span>
            </td>
            <td
              class="sc-hLBbgP bbMDKd"
            >
              <div
                style="display: flex; gap: 4px;"
              >
                <button
                  style="background: none; border: 1px solid #e2e8f0; border-radius: 4px; padding: 4px 8px; cursor: pointer; font-size: 13px;"
                  title="Ver detalhes"
                >
                  <span
                    class="material-icons"
                    style="font-size: 16px;"
                  >
                    visibility
                  </span>
                </button>
                <button
                  style="background: none; border: 1px solid #e2e8f0; border-radius: 4px; padding: 4px 8px; cursor: pointer; font-size: 13px;"
                  title="Editar"
                >
                  <span
                    class="material-icons"
                    style="font-size: 16px;"
                  >
                    edit
                  </span>
                </button>
                <button
                  style="background: none; border: 1px solid #e2e8f0; border-radius: 4px; padding: 4px 8px; cursor: pointer; font-size: 13px;"
                  title="Mais ações"
                >
                  <span
                    class="material-icons"
                    style="font-size: 16px;"
                  >
                    more_vert
                  </span>
                </button>
              </div>
            </td>
          </tr>
          <tr
            class="sc-eDvSVe glSvLS"
          >
            <td
              class="sc-hLBbgP bbMDKd"
            >
              <input
                style="cursor: pointer;"
                type="checkbox"
              />
            </td>
            <td
              class="sc-hLBbgP bbMDKd"
            >
              <div
                style="cursor: pointer;"
              >
                <div
                  style="font-weight: 600; color: rgb(108, 99, 255); margin-bottom: 2px;"
                >
                  Retargeting Carrinho Abandonado
                </div>
                <div
                  style="font-size: 12px; color: rgb(113, 128, 150);"
                >
                  ID: 
                  3
                </div>
              </div>
            </td>
            <td
              class="sc-hLBbgP bbMDKd"
            >
              <div
                style="position: relative;"
              >
                <span
                  class="sc-jSUZER iMhHDb"
                  style="cursor: pointer;"
                >
                  Ativo
                   
                  <span
                    class="material-icons"
                    style="font-size: 12px; vertical-align: middle;"
                  >
                    expand_more
                  </span>
                </span>
              </div>
            </td>
            <td
              class="sc-hLBbgP bbMDKd"
            >
              <span
                class="material-icons"
                style="font-size: 16px; margin-right: 6px; vertical-align: middle; color: rgb(113, 128, 150);"
              >
                search
              </span>
              Google
            </td>
            <td
              class="sc-hLBbgP bbMDKd"
            >
              <div>
                R$ 15.000
              </div>
              <div
                style="font-size: 11px; margin-top: 2px;"
              >
                <div
                  style="background: rgb(226, 232, 240); border-radius: 10px; height: 4px; width: 80px; margin-bottom: 2px;"
                >
                  <div
                    style="background: rgb(72, 187, 120); border-radius: 10px; height: 100%; width: 54.666666666666664%; transition: width 0.3s;"
                  />
                </div>
                <span
                  style="color: rgb(113, 128, 150);"
                >
                  55
                  % utilizado
                </span>
              </div>
            </td>
            <td
              class="sc-hLBbgP bbMDKd"
              style="font-weight: normal;"
            >
              R$ 8.200
            </td>
            <td
              class="sc-hLBbgP bbMDKd"
            >
              245K
            </td>
            <td
              class="sc-hLBbgP bbMDKd"
            >
              12.250
            </td>
            <td
              class="sc-hLBbgP bbMDKd"
            >
              <span
                style="color: rgb(56, 161, 105);"
              >
                5.00%
              </span>
            </td>
            <td
              class="sc-hLBbgP bbMDKd"
            >
              980
            </td>
            <td
              class="sc-hLBbgP bbMDKd"
            >
              <span
                style="color: rgb(56, 161, 105);"
              >
                8.00%
              </span>
            </td>
            <td
              class="sc-hLBbgP bbMDKd"
              style="font-size: 13px;"
            >
              16 de fev. de 2026
            </td>
            <td
              class="sc-hLBbgP bbMDKd"
              style="font-size: 13px;"
            >
              <span>
                29 de abr. de 2026
              </span>
            </td>
            <td
              class="sc-hLBbgP bbMDKd"
            >
              <div
                style="display: flex; gap: 4px;"
              >
                <button
                  style="background: none; border: 1px solid #e2e8f0; border-radius: 4px; padding: 4px 8px; cursor: pointer; font-size: 13px;"
                  title="Ver detalhes"
                >
                  <span
                    class="material-icons"
                    style="font-size: 16px;"
                  >
                    visibility
                  </span>
                </button>
                <button
                  style="background: none; border: 1px solid #e2e8f0; border-radius: 4px; padding: 4px 8px; cursor: pointer; font-size: 13px;"
                  title="Editar"
                >
                  <span
                    class="material-icons"
                    style="font-size: 16px;"
                  >
                    edit
                  </span>
                </button>
                <button
                  style="background: none; border: 1px solid #e2e8f0; border-radius: 4px; padding: 4px 8px; cursor: pointer; font-size: 13px;"
                  title="Mais ações"
                >
                  <span
                    class="material-icons"
                    style="font-size: 16px;"
                  >
                    more_vert
                  </span>
                </button>
              </div>
            </td>
          </tr>
        </tbody>
      </table>
    </div>
  </div>
</div>
`;
